// Vitest Snapshot v1

exports[`Retcha > Retcha component renders correctly 1`] = `<div />`;
